// Jest Snapshot v1, https://goo.gl/fbAQLP

exports[`Should render individual expense list item 1`] = `
<div>
  <NavLink
    activeClassName="active"
    aria-current="page"
    to="/edit/1"
  >
    <h3>
      Coffee
    </h3>
  </NavLink>
  <p>
    â‚¹ 120
     - 
    January 01 , 1970
  </p>
</div>
`;
