// Jest Snapshot v1, https://goo.gl/fbAQLP

exports[`Should render header component  1`] = `
<div>
  <h1>
    Expensify App
  </h1>
  <[object Object]
    activeClassName="is-active"
    exact={true}
    to="/"
  >
    Home
  </[object Object]>
  <br />
  <[object Object]
    activeClassName="is-active"
    to="/create"
  >
    Create
  </[object Object]>
  <br />
  <[object Object]
    activeClassName="is-active"
    to="/help"
  >
    Help
  </[object Object]>
</div>
`;
